22:38:57 **** Incremental Build of configuration Debug for project eth ****
make all 
'Building file: ../src/echo.c'
'Invoking: MicroBlaze gcc compiler'
mb-gcc -Wall -O0 -g3 -c -fmessage-length=0 -MT"src/echo.o" -ID:/dario/fulgor/trabajo_final/workspace_ethernet/workspace_eth_GMII/eth1_wrapper/export/eth1_wrapper/sw/eth1_wrapper/standalone_domain/bspinclude/include -mlittle-endian -mcpu=v11.0 -mxl-soft-mul -Wl,--no-relax -ffunction-sections -fdata-sections -MMD -MP -MF"src/echo.d" -MT"src/echo.o" -o "src/echo.o" "../src/echo.c"
'Finished building: ../src/echo.c'
' '
'Building target: eth.elf'
'Invoking: MicroBlaze gcc linker'
mb-gcc -Wl,-T -Wl,../src/lscript.ld -LD:/dario/fulgor/trabajo_final/workspace_ethernet/workspace_eth_GMII/eth1_wrapper/export/eth1_wrapper/sw/eth1_wrapper/standalone_domain/bsplib/lib -mlittle-endian -mcpu=v11.0 -mxl-soft-mul -Wl,--no-relax -Wl,--gc-sections -o "eth.elf"  ./src/echo.o ./src/i2c_access.o ./src/iic_phyreset.o ./src/main.o ./src/platform.o ./src/platform_mb.o ./src/platform_ppc.o ./src/platform_zynq.o ./src/platform_zynqmp.o ./src/sfp.o ./src/si5324.o   -Wl,--start-group,-lxil,-lgcc,-lc,--end-group -Wl,--start-group,-lxil,-llwip4,-lgcc,-lc,--end-group
'Finished building target: eth.elf'
' '
'Invoking: MicroBlaze Print Size'
mb-size eth.elf  |tee "eth.elf.size"
   text	   data	    bss	    dec	    hex	filename
 141557	   1956	3960743	4104256	 3ea040	eth.elf
'Finished building: eth.elf.size'
' '

22:38:59 Build Finished (took 2s.65ms)

