Copyright 1986-2019 Xilinx, Inc. All Rights Reserved.
---------------------------------------------------------------------------------------------------------------------
| Tool Version : Vivado v.2019.2 (win64) Build 2708876 Wed Nov  6 21:40:23 MST 2019
| Date         : Wed Jan 20 01:15:32 2021
| Host         : DESKTOP-9VJG89D running 64-bit major release  (build 9200)
| Command      : report_utilization -file bd_d93c_mac_0_utilization_synth.rpt -pb bd_d93c_mac_0_utilization_synth.pb
| Design       : bd_d93c_mac_0
| Device       : 7k325tffg900-2
| Design State : Synthesized
---------------------------------------------------------------------------------------------------------------------

Utilization Design Information

Table of Contents
-----------------
1. Slice Logic
1.1 Summary of Registers by Type
2. Memory
3. DSP
4. IO and GT Specific
5. Clocking
6. Specific Feature
7. Primitives
8. Black Boxes
9. Instantiated Netlists

1. Slice Logic
--------------

+----------------------------+------+-------+-----------+-------+
|          Site Type         | Used | Fixed | Available | Util% |
+----------------------------+------+-------+-----------+-------+
| Slice LUTs*                | 1751 |     0 |    203800 |  0.86 |
|   LUT as Logic             | 1407 |     0 |    203800 |  0.69 |
|   LUT as Memory            |  344 |     0 |     64000 |  0.54 |
|     LUT as Distributed RAM |  320 |     0 |           |       |
|     LUT as Shift Register  |   24 |     0 |           |       |
| Slice Registers            | 2818 |    12 |    407600 |  0.69 |
|   Register as Flip Flop    | 2818 |    12 |    407600 |  0.69 |
|   Register as Latch        |    0 |     0 |    407600 |  0.00 |
| F7 Muxes                   |    5 |     0 |    101900 | <0.01 |
| F8 Muxes                   |    2 |     0 |     50950 | <0.01 |
+----------------------------+------+-------+-----------+-------+
* Warning! The Final LUT count, after physical optimizations and full implementation, is typically lower. Run opt_design after synthesis, if not already completed, for a more realistic count.


1.1 Summary of Registers by Type
--------------------------------

+-------+--------------+-------------+--------------+
| Total | Clock Enable | Synchronous | Asynchronous |
+-------+--------------+-------------+--------------+
| 0     |            _ |           - |            - |
| 0     |            _ |           - |          Set |
| 0     |            _ |           - |        Reset |
| 0     |            _ |         Set |            - |
| 0     |            _ |       Reset |            - |
| 0     |          Yes |           - |            - |
| 25    |          Yes |           - |          Set |
| 26    |          Yes |           - |        Reset |
| 130   |          Yes |         Set |            - |
| 2637  |          Yes |       Reset |            - |
+-------+--------------+-------------+--------------+


2. Memory
---------

+----------------+------+-------+-----------+-------+
|    Site Type   | Used | Fixed | Available | Util% |
+----------------+------+-------+-----------+-------+
| Block RAM Tile |    0 |     0 |       445 |  0.00 |
|   RAMB36/FIFO* |    0 |     0 |       445 |  0.00 |
|   RAMB18       |    0 |     0 |       890 |  0.00 |
+----------------+------+-------+-----------+-------+
* Note: Each Block RAM Tile only has one FIFO logic available and therefore can accommodate only one FIFO36E1 or one FIFO18E1. However, if a FIFO18E1 occupies a Block RAM Tile, that tile can still accommodate a RAMB18E1


3. DSP
------

+-----------+------+-------+-----------+-------+
| Site Type | Used | Fixed | Available | Util% |
+-----------+------+-------+-----------+-------+
| DSPs      |    0 |     0 |       840 |  0.00 |
+-----------+------+-------+-----------+-------+


4. IO and GT Specific
---------------------

+-----------------------------+------+-------+-----------+-------+
|          Site Type          | Used | Fixed | Available | Util% |
+-----------------------------+------+-------+-----------+-------+
| Bonded IOB                  |   23 |     0 |       500 |  4.60 |
| Bonded IPADs                |    0 |     0 |        50 |  0.00 |
| Bonded OPADs                |    0 |     0 |        32 |  0.00 |
| PHY_CONTROL                 |    0 |     0 |        10 |  0.00 |
| PHASER_REF                  |    0 |     0 |        10 |  0.00 |
| OUT_FIFO                    |    0 |     0 |        40 |  0.00 |
| IN_FIFO                     |    0 |     0 |        40 |  0.00 |
| IDELAYCTRL                  |    1 |     0 |        10 | 10.00 |
| IBUFDS                      |    0 |     0 |       480 |  0.00 |
| GTXE2_COMMON                |    0 |     0 |         4 |  0.00 |
| GTXE2_CHANNEL               |    0 |     0 |        16 |  0.00 |
| PHASER_OUT/PHASER_OUT_PHY   |    0 |     0 |        40 |  0.00 |
| PHASER_IN/PHASER_IN_PHY     |    0 |     0 |        40 |  0.00 |
| IDELAYE2/IDELAYE2_FINEDELAY |   10 |     0 |       500 |  2.00 |
|   IDELAYE2 only             |   10 |     0 |           |       |
| ODELAYE2/ODELAYE2_FINEDELAY |    0 |     0 |       150 |  0.00 |
| IBUFDS_GTE2                 |    0 |     0 |         8 |  0.00 |
| ILOGIC                      |    0 |     0 |       500 |  0.00 |
| OLOGIC                      |    1 |     0 |       500 |  0.20 |
|   ODDR                      |    1 |       |           |       |
+-----------------------------+------+-------+-----------+-------+


5. Clocking
-----------

+--------------+------+-------+-----------+-------+
|   Site Type  | Used | Fixed | Available | Util% |
+--------------+------+-------+-----------+-------+
| BUFGCTRL     |    1 |     0 |        32 |  3.13 |
| BUFIO        |    1 |     0 |        40 |  2.50 |
|   BUFIO only |    1 |     0 |           |       |
| MMCME2_ADV   |    0 |     0 |        10 |  0.00 |
| PLLE2_ADV    |    0 |     0 |        10 |  0.00 |
| BUFMRCE      |    0 |     0 |        20 |  0.00 |
| BUFHCE       |    0 |     0 |       168 |  0.00 |
| BUFR         |    1 |     0 |        40 |  2.50 |
+--------------+------+-------+-----------+-------+


6. Specific Feature
-------------------

+-------------+------+-------+-----------+-------+
|  Site Type  | Used | Fixed | Available | Util% |
+-------------+------+-------+-----------+-------+
| BSCANE2     |    0 |     0 |         4 |  0.00 |
| CAPTUREE2   |    0 |     0 |         1 |  0.00 |
| DNA_PORT    |    0 |     0 |         1 |  0.00 |
| EFUSE_USR   |    0 |     0 |         1 |  0.00 |
| FRAME_ECCE2 |    0 |     0 |         1 |  0.00 |
| ICAPE2      |    0 |     0 |         2 |  0.00 |
| PCIE_2_1    |    0 |     0 |         1 |  0.00 |
| STARTUPE2   |    0 |     0 |         1 |  0.00 |
| XADC        |    0 |     0 |         1 |  0.00 |
+-------------+------+-------+-----------+-------+


7. Primitives
-------------

+------------+------+---------------------+
|  Ref Name  | Used | Functional Category |
+------------+------+---------------------+
| FDRE       | 2637 |        Flop & Latch |
| LUT6       |  527 |                 LUT |
| LUT5       |  326 |                 LUT |
| RAMD64E    |  320 |  Distributed Memory |
| LUT4       |  257 |                 LUT |
| LUT3       |  254 |                 LUT |
| LUT2       |  247 |                 LUT |
| FDSE       |  130 |        Flop & Latch |
| LUT1       |   40 |                 LUT |
| CARRY4     |   33 |          CarryLogic |
| FDCE       |   26 |        Flop & Latch |
| FDPE       |   25 |        Flop & Latch |
| SRL16E     |   24 |  Distributed Memory |
| IBUF       |   12 |                  IO |
| OBUF       |   11 |                  IO |
| IDELAYE2   |   10 |                  IO |
| MUXF7      |    5 |               MuxFx |
| MUXF8      |    2 |               MuxFx |
| ODDR       |    1 |                  IO |
| IDELAYCTRL |    1 |                  IO |
| BUFR       |    1 |               Clock |
| BUFIO      |    1 |               Clock |
| BUFGCTRL   |    1 |               Clock |
+------------+------+---------------------+


8. Black Boxes
--------------

+----------+------+
| Ref Name | Used |
+----------+------+


9. Instantiated Netlists
------------------------

+----------+------+
| Ref Name | Used |
+----------+------+


