Copyright 1986-2019 Xilinx, Inc. All Rights Reserved.
-------------------------------------------------------------------------------------------------------------------------------------------
| Tool Version : Vivado v.2019.2 (lin64) Build 2708876 Wed Nov  6 21:39:14 MST 2019
| Date         : Sun Feb  7 20:08:33 2021
| Host         : huaira running 64-bit Linux Mint 20
| Command      : report_utilization -file DMA_FIFO_mig_7series_0_0_utilization_synth.rpt -pb DMA_FIFO_mig_7series_0_0_utilization_synth.pb
| Design       : DMA_FIFO_mig_7series_0_0
| Device       : 7k325tffg900-2
| Design State : Synthesized
-------------------------------------------------------------------------------------------------------------------------------------------

Utilization Design Information

Table of Contents
-----------------
1. Slice Logic
1.1 Summary of Registers by Type
2. Memory
3. DSP
4. IO and GT Specific
5. Clocking
6. Specific Feature
7. Primitives
8. Black Boxes
9. Instantiated Netlists

1. Slice Logic
--------------

+----------------------------+-------+-------+-----------+-------+
|          Site Type         |  Used | Fixed | Available | Util% |
+----------------------------+-------+-------+-----------+-------+
| Slice LUTs*                | 12834 |     0 |    203800 |  6.30 |
|   LUT as Logic             | 10601 |     0 |    203800 |  5.20 |
|   LUT as Memory            |  2233 |     0 |     64000 |  3.49 |
|     LUT as Distributed RAM |  1696 |     0 |           |       |
|     LUT as Shift Register  |   537 |     0 |           |       |
| Slice Registers            |  9072 |     0 |    407600 |  2.23 |
|   Register as Flip Flop    |  9072 |     0 |    407600 |  2.23 |
|   Register as Latch        |     0 |     0 |    407600 |  0.00 |
| F7 Muxes                   |   238 |     0 |    101900 |  0.23 |
| F8 Muxes                   |     6 |     0 |     50950 |  0.01 |
+----------------------------+-------+-------+-----------+-------+
* Warning! The Final LUT count, after physical optimizations and full implementation, is typically lower. Run opt_design after synthesis, if not already completed, for a more realistic count.


1.1 Summary of Registers by Type
--------------------------------

+-------+--------------+-------------+--------------+
| Total | Clock Enable | Synchronous | Asynchronous |
+-------+--------------+-------------+--------------+
| 0     |            _ |           - |            - |
| 0     |            _ |           - |          Set |
| 0     |            _ |           - |        Reset |
| 0     |            _ |         Set |            - |
| 0     |            _ |       Reset |            - |
| 0     |          Yes |           - |            - |
| 99    |          Yes |           - |          Set |
| 4     |          Yes |           - |        Reset |
| 340   |          Yes |         Set |            - |
| 8629  |          Yes |       Reset |            - |
+-------+--------------+-------------+--------------+


2. Memory
---------

+----------------+------+-------+-----------+-------+
|    Site Type   | Used | Fixed | Available | Util% |
+----------------+------+-------+-----------+-------+
| Block RAM Tile |    0 |     0 |       445 |  0.00 |
|   RAMB36/FIFO* |    0 |     0 |       445 |  0.00 |
|   RAMB18       |    0 |     0 |       890 |  0.00 |
+----------------+------+-------+-----------+-------+
* Note: Each Block RAM Tile only has one FIFO logic available and therefore can accommodate only one FIFO36E1 or one FIFO18E1. However, if a FIFO18E1 occupies a Block RAM Tile, that tile can still accommodate a RAMB18E1


3. DSP
------

+-----------+------+-------+-----------+-------+
| Site Type | Used | Fixed | Available | Util% |
+-----------+------+-------+-----------+-------+
| DSPs      |    0 |     0 |       840 |  0.00 |
+-----------+------+-------+-----------+-------+


4. IO and GT Specific
---------------------

+-----------------------------+------+-------+-----------+-------+
|          Site Type          | Used | Fixed | Available | Util% |
+-----------------------------+------+-------+-----------+-------+
| Bonded IOB                  |  116 |     0 |       500 | 23.20 |
| Bonded IPADs                |    0 |     0 |        50 |  0.00 |
| Bonded OPADs                |    0 |     0 |        32 |  0.00 |
| PHY_CONTROL                 |    3 |     0 |        10 | 30.00 |
| PHASER_REF                  |    3 |     0 |        10 | 30.00 |
| OUT_FIFO                    |   11 |     0 |        40 | 27.50 |
| IN_FIFO                     |    8 |     0 |        40 | 20.00 |
| IDELAYCTRL                  |    2 |     0 |        10 | 20.00 |
| IBUFDS                      |    1 |     0 |       480 |  0.21 |
| GTXE2_COMMON                |    0 |     0 |         4 |  0.00 |
| GTXE2_CHANNEL               |    0 |     0 |        16 |  0.00 |
| PHASER_OUT/PHASER_OUT_PHY   |   11 |     0 |        40 | 27.50 |
|   PHASER_OUT_PHY only       |   11 |     0 |           |       |
| PHASER_IN/PHASER_IN_PHY     |    8 |     0 |        40 | 20.00 |
|   PHASER_IN_PHY only        |    8 |     0 |           |       |
| IDELAYE2/IDELAYE2_FINEDELAY |   64 |     0 |       500 | 12.80 |
|   IDELAYE2_FINEDELAY only   |   64 |     0 |           |       |
| ODELAYE2/ODELAYE2_FINEDELAY |    0 |     0 |       150 |  0.00 |
| IBUFDS_GTE2                 |    0 |     0 |         8 |  0.00 |
| ILOGIC                      |   72 |     0 |       500 | 14.40 |
|   ISERDES                   |   64 |       |           |       |
|   IDDR                      |    8 |       |           |       |
| OLOGIC                      |  120 |     0 |       500 | 24.00 |
|   OSERDES                   |  103 |       |           |       |
|   ODDR                      |   17 |       |           |       |
+-----------------------------+------+-------+-----------+-------+


5. Clocking
-----------

+------------+------+-------+-----------+-------+
|  Site Type | Used | Fixed | Available | Util% |
+------------+------+-------+-----------+-------+
| BUFGCTRL   |   10 |     0 |        32 | 31.25 |
| BUFIO      |    0 |     0 |        40 |  0.00 |
| MMCME2_ADV |    2 |     0 |        10 | 20.00 |
| PLLE2_ADV  |    1 |     0 |        10 | 10.00 |
| BUFMRCE    |    0 |     0 |        20 |  0.00 |
| BUFHCE     |    1 |     0 |       168 |  0.60 |
| BUFR       |    0 |     0 |        40 |  0.00 |
+------------+------+-------+-----------+-------+


6. Specific Feature
-------------------

+-------------+------+-------+-----------+--------+
|  Site Type  | Used | Fixed | Available |  Util% |
+-------------+------+-------+-----------+--------+
| BSCANE2     |    0 |     0 |         4 |   0.00 |
| CAPTUREE2   |    0 |     0 |         1 |   0.00 |
| DNA_PORT    |    0 |     0 |         1 |   0.00 |
| EFUSE_USR   |    0 |     0 |         1 |   0.00 |
| FRAME_ECCE2 |    0 |     0 |         1 |   0.00 |
| ICAPE2      |    0 |     0 |         2 |   0.00 |
| PCIE_2_1    |    0 |     0 |         1 |   0.00 |
| STARTUPE2   |    0 |     0 |         1 |   0.00 |
| XADC        |    1 |     0 |         1 | 100.00 |
+-------------+------+-------+-----------+--------+


7. Primitives
-------------

+------------------------+------+---------------------+
|        Ref Name        | Used | Functional Category |
+------------------------+------+---------------------+
| FDRE                   | 8629 |        Flop & Latch |
| LUT3                   | 3555 |                 LUT |
| LUT6                   | 3355 |                 LUT |
| LUT5                   | 2903 |                 LUT |
| RAMD32                 | 2544 |  Distributed Memory |
| LUT4                   | 1579 |                 LUT |
| LUT2                   | 1076 |                 LUT |
| RAMS32                 |  848 |  Distributed Memory |
| LUT1                   |  561 |                 LUT |
| SRLC32E                |  515 |  Distributed Memory |
| FDSE                   |  340 |        Flop & Latch |
| CARRY4                 |  296 |          CarryLogic |
| MUXF7                  |  238 |               MuxFx |
| OSERDESE2              |  103 |                  IO |
| FDPE                   |   99 |        Flop & Latch |
| OBUFT_DCIEN            |   64 |                  IO |
| ISERDESE2              |   64 |                  IO |
| IDELAYE2_FINEDELAY     |   64 |                  IO |
| IBUF_IBUFDISABLE       |   64 |                  IO |
| OBUF                   |   24 |                  IO |
| SRL16E                 |   22 |  Distributed Memory |
| ODDR                   |   17 |                  IO |
| OBUFTDS_DCIEN          |   16 |                  IO |
| IBUFDS_IBUFDISABLE_INT |   16 |                  IO |
| PHASER_OUT_PHY         |   11 |                  IO |
| OUT_FIFO               |   11 |                  IO |
| BUFG                   |   10 |               Clock |
| INV                    |    9 |                 LUT |
| PHASER_IN_PHY          |    8 |                  IO |
| OBUFT                  |    8 |                  IO |
| IN_FIFO                |    8 |                  IO |
| IDDR                   |    8 |                  IO |
| MUXF8                  |    6 |               MuxFx |
| FDCE                   |    4 |        Flop & Latch |
| PHY_CONTROL            |    3 |                  IO |
| PHASER_REF             |    3 |                  IO |
| OBUFDS                 |    2 |                  IO |
| MMCME2_ADV             |    2 |               Clock |
| IDELAYCTRL             |    2 |                  IO |
| XADC                   |    1 |              Others |
| PLLE2_ADV              |    1 |               Clock |
| IBUFDS                 |    1 |                  IO |
| BUFH                   |    1 |               Clock |
+------------------------+------+---------------------+


8. Black Boxes
--------------

+----------+------+
| Ref Name | Used |
+----------+------+


9. Instantiated Netlists
------------------------

+----------+------+
| Ref Name | Used |
+----------+------+


